(---------------------------------------------------------------------)
(                                                                     )
(    NC DRILL Log                                                     )
(                                                                     )
(    Drawing          : PROIECT 1.brd                                 )
(    Software Version : 17.2S025                                      )
(    Date/Time        : Sun Dec 14 13:20:18 2025                      )
(                                                                     )
(---------------------------------------------------------------------)



 Processing NC Parameters file 'nc_param.txt' ...

 NC PARAMETERS
 -------------

 FORMAT   		2.5
 MACHINE-OFFSET		x:0.00000	y:0.00000   (mm)
 FEEDRATE		1
 COORDINATES		ABSOLUTE
 OUTPUT-UNITS		METRIC
 TOOL-ORDER		INCREASING
 REPEAT-CODES		YES
 SUPPRESS-LEAD-ZEROES	YES
 SUPPRESS-TRAIL-ZEROES	NO
 SUPPRESS-EQUAL		NO
 TOOL-SELECT		YES
 HEADER			none
 LEADER			12
 CODE			ASCII
 SEPARATE		NO
 SEPARATE-ROUTING	NO
 OPTIMIZE_DRILLING	NO
 ENHANCED_EXCELLON	YES
 SCALE			1.000000

 WARNING(SPMHMF-363): Units system is being switched when generating drill output file data.
 WARNING(SPMHMF-368): Cannot find NC Drill tool file 'nc_tools.txt'
 WARNING(SPMHMF-369): ... will auto-generate tool file 'nc_tools_auto.txt'.


     Auto-generating tool file 'nc_tools_auto.txt' ...

           Size  Plating  Tool        + Tolerance  - Tolerance

         15.748  P        T01            0.000000     0.000000


 Drill files being output to directory 'C:/Users/Christian/Documents/FAC/TEME/AN3/Sem.1/P1/P1_2025_431E_Amariutei_Christian_Antonio_AAF_N1_OrCAD/Layout/Layout/allegro' ...



     'PROIECT 1-1-2.drl' created for holes connecting TOP and BOTTOM
     ---------------------------------------------------------------

     Tool  Num     Size      +/- Tolerance     Plating   Quantity

     T01    1.   0.4000    0.0000/  0.0000      PLATED         16

     ---- Total holes:                                         16

     ---- Total head travel:              0.63 feet (0.19 meters)

