(---------------------------------------------------------------------)
(                                                                     )
(    Allegro Netrev Import Logic                                      )
(                                                                     )
(    Drawing          : PROIECT 1.brd                                 )
(    Software Version : 17.2S025                                      )
(    Date/Time        : Fri Dec 05 18:48:17 2025                      )
(                                                                     )
(---------------------------------------------------------------------)


------ Directives ------------

Ripup etch:                  No
Ripup delete first segment:  No
Ripup retain bondwire:       No
Ripup symbols:               Always
Missing symbol has error:    No
DRC update:                  Yes
Schematic directory:         'C:\USERS\CHRISTIAN\DOCUMENTS\FAC\TEME\AN3\SEM.1\P1\P1_2025_431E_AMARIUTEI_CHRISTIAN_ANTONIO_AAF_N1_ORCAD\SCHEMATICS\PROIECT\allegro'
Design Directory:            'C:/USERS/CHRISTIAN/DOCUMENTS/FAC/TEME/AN3/SEM.1/P1/P1_2025_431E_AMARIUTEI_CHRISTIAN_ANTONIO_AAF_N1_ORCAD/SCHEMATICS/PROIECT/allegro'
Old design name:             'C:/Users/Christian/Documents/FAC/TEME/AN3/Sem.1/P1/P1_2025_431E_Amariutei_Christian_Antonio_AAF_N1_OrCAD/Schematics/Proiect/allegro/PROIECT 1.brd'
New design name:             'C:/USERS/CHRISTIAN/DOCUMENTS/FAC/TEME/AN3/SEM.1/P1/P1_2025_431E_AMARIUTEI_CHRISTIAN_ANTONIO_AAF_N1_ORCAD/SCHEMATICS/PROIECT/allegro/PROIECT 1.brd'

CmdLine: netrev.exe -y 1 -i C:\USERS\CHRISTIAN\DOCUMENTS\FAC\TEME\AN3\SEM.1\P1\P1_2025_431E_AMARIUTEI_CHRISTIAN_ANTONIO_AAF_N1_ORCAD\SCHEMATICS\PROIECT\allegro C:\Users\Christian\Documents\FAC\TEME\AN3\Sem.1\P1\P1_2025_431E_Amariutei_Christian_Antonio_AAF_N1_OrCAD\Schematics\Proiect\allegro\PROIECT 1.brd C:\USERS\CHRISTIAN\DOCUMENTS\FAC\TEME\AN3\SEM.1\P1\P1_2025_431E_AMARIUTEI_CHRISTIAN_ANTONIO_AAF_N1_ORCAD\SCHEMATICS\PROIECT\allegro\PROIECT 1.brd

------ Preparing to read pst files ------

Starting to read C:/USERS/CHRISTIAN/DOCUMENTS/FAC/TEME/AN3/SEM.1/P1/P1_2025_431E_AMARIUTEI_CHRISTIAN_ANTONIO_AAF_N1_ORCAD/SCHEMATICS/PROIECT/allegro/pstchip.dat 
   Finished reading C:/USERS/CHRISTIAN/DOCUMENTS/FAC/TEME/AN3/SEM.1/P1/P1_2025_431E_AMARIUTEI_CHRISTIAN_ANTONIO_AAF_N1_ORCAD/SCHEMATICS/PROIECT/allegro/pstchip.dat (00:00:00.07)
Starting to read C:/USERS/CHRISTIAN/DOCUMENTS/FAC/TEME/AN3/SEM.1/P1/P1_2025_431E_AMARIUTEI_CHRISTIAN_ANTONIO_AAF_N1_ORCAD/SCHEMATICS/PROIECT/allegro/pstxprt.dat 
   Finished reading C:/USERS/CHRISTIAN/DOCUMENTS/FAC/TEME/AN3/SEM.1/P1/P1_2025_431E_AMARIUTEI_CHRISTIAN_ANTONIO_AAF_N1_ORCAD/SCHEMATICS/PROIECT/allegro/pstxprt.dat (00:00:00.00)
Starting to read C:/USERS/CHRISTIAN/DOCUMENTS/FAC/TEME/AN3/SEM.1/P1/P1_2025_431E_AMARIUTEI_CHRISTIAN_ANTONIO_AAF_N1_ORCAD/SCHEMATICS/PROIECT/allegro/pstxnet.dat 
   Finished reading C:/USERS/CHRISTIAN/DOCUMENTS/FAC/TEME/AN3/SEM.1/P1/P1_2025_431E_AMARIUTEI_CHRISTIAN_ANTONIO_AAF_N1_ORCAD/SCHEMATICS/PROIECT/allegro/pstxnet.dat (00:00:00.00)

------ Oversights/Warnings/Errors ------


------ Library Paths ------
MODULEPATH =  . 
           C:/Cadence/SPB_17.2/share/local/pcb/modules 

PSMPATH =  . 
           symbols 
           .. 
           ../symbols 
           C:/Cadence/SPB_17.2/share/local/pcb/symbols 
           C:/Cadence/SPB_17.2/share/pcb/pcb_lib/symbols 
           C:/Cadence/SPB_17.2/share/pcb/allegrolib/symbols 

PADPATH =  . 
           symbols 
           .. 
           ../symbols 
           C:/Cadence/SPB_17.2/share/local/pcb/padstacks 
           C:/Cadence/SPB_17.2/share/pcb/pcb_lib/symbols 
           C:/Cadence/SPB_17.2/share/pcb/allegrolib/symbols 


------ Summary Statistics ------


netrev run on Dec 5 18:48:17 2025
   DESIGN NAME : 'PROIECT 1'
   PACKAGING ON Jul 30 2017 03:29:02

   COMPILE 'logic'
   CHECK_PIN_NAMES OFF
   CROSS_REFERENCE OFF
   FEEDBACK OFF
   INCREMENTAL OFF
   INTERFACE_TYPE PHYSICAL
   MAX_ERRORS 500
   MERGE_MINIMUM 5
   NET_NAME_CHARS '#%&()*+-./:=>?@[]^_`|'
   NET_NAME_LENGTH 24
   OVERSIGHTS ON
   REPLACE_CHECK OFF
   SINGLE_NODE_NETS ON
   SPLIT_MINIMUM 0
   SUPPRESS   20
   WARNINGS ON

 No error detected
 No oversight detected
 No warning detected

cpu time      0:01:36
elapsed time  0:00:01

