(---------------------------------------------------------------------)
(                                                                     )
(    ARTWORK LOG                                                      )
(                                                                     )
(    Drawing          : PROIECT 1.brd                                 )
(    Software Version : 17.2S025                                      )
(    Date/Time        : Sun Dec 14 13:23:40 2025                      )
(                                                                     )
(---------------------------------------------------------------------)


 ---- Photoplot outline rectangle not found; using drawing extents.



Results from parameter file ...
    DEVICE-TYPE           GERBER_RS274X
    OUTPUT-UNITS          INCHES
    FILM-SIZE             2400000 1600000
    FORMAT                2.5
    ABORT-ON-ERROR        NO
    SCALE                 1
    SUPPRESS-LEAD-ZEROES  YES
    SUPPRESS-TRAIL-ZEROES NO
    SUPPRESS-EQUAL        YES
    UNDEF-APT-CONT        NO



================================================================
     PROCESSING FILM < TOP >
     TO FILE < C:/Users/Christian/Documents/FAC/TEME/AN3/Sem.1/P1/P1_2025_431E_Amariutei_Christian_Antonio_AAF_N1_OrCAD/Layout/Layout/allegro/TOP.art > ...
================================================================

  FILM PARAMETERS :
  ---------------------------------------------------------
  Undefined line width                4.000
  Mirror code                         NONE
  Rotate angle                        NONE
  Offset x:                           0.000
  Offset y:                           0.000
  Plot negative                       NO
  Suppress unconnected internal pads  NO
  Draw holes only                     NO



  APERTURES USED:
  ---------------------------------------------------------
  TYPE       SIZE/NAME                   ROT   MIRROR MODE 
  ---------------------------------------------------------
  CIRCLE     0.01600                                  DARK 
  CIRCLE     0.01800                                  DARK 
  CIRCLE     0.02800                                  DARK 
  CIRCLE     0.04000                                  DARK 
  SQUARE     0.05000                     0.000 NO     DARK 
  RECTANGLE  0.05000     x 0.03600       0.000 NO     DARK 
  RECTANGLE  0.05000     x 0.03600      90.000 NO     DARK 
  RECTANGLE  0.06000     x 0.08000       0.000 NO     DARK 
  RECTANGLE  0.06000     x 0.08000      90.000 NO     DARK 
  RECTANGLE  0.07600     x 0.04800       0.000 NO     DARK 
  RECTANGLE  0.07600     x 0.04800      90.000 NO     DARK 
  RECTANGLE  0.08000     x 0.12000      90.000 NO     DARK 

     TOP created.


================================================================
     PROCESSING FILM < BOTTOM >
     TO FILE < C:/Users/Christian/Documents/FAC/TEME/AN3/Sem.1/P1/P1_2025_431E_Amariutei_Christian_Antonio_AAF_N1_OrCAD/Layout/Layout/allegro/BOTTOM.art > ...
================================================================

  FILM PARAMETERS :
  ---------------------------------------------------------
  Undefined line width                4.000
  Mirror code                         NONE
  Rotate angle                        NONE
  Offset x:                           0.000
  Offset y:                           0.000
  Plot negative                       NO
  Suppress unconnected internal pads  NO
  Draw holes only                     NO



  APERTURES USED:
  ---------------------------------------------------------
  TYPE       SIZE/NAME                   ROT   MIRROR MODE 
  ---------------------------------------------------------
  CIRCLE     0.01600                                  DARK 
  CIRCLE     0.01800                                  DARK 
  CIRCLE     0.02800                                  DARK 

     BOTTOM created.


================================================================
     PROCESSING FILM < BO >
     TO FILE < C:/Users/Christian/Documents/FAC/TEME/AN3/Sem.1/P1/P1_2025_431E_Amariutei_Christian_Antonio_AAF_N1_OrCAD/Layout/Layout/allegro/BO.art > ...
================================================================

  FILM PARAMETERS :
  ---------------------------------------------------------
  Undefined line width                4.000
  Mirror code                         NONE
  Rotate angle                        NONE
  Offset x:                           0.000
  Offset y:                           0.000
  Plot negative                       NO
  Suppress unconnected internal pads  NO
  Draw holes only                     NO



  APERTURES USED:
  ---------------------------------------------------------
  TYPE       SIZE/NAME                   ROT   MIRROR MODE 
  ---------------------------------------------------------
  CIRCLE     0.00400                                  DARK 

     BO created.


================================================================
     PROCESSING FILM < SMBOT >
     TO FILE < C:/Users/Christian/Documents/FAC/TEME/AN3/Sem.1/P1/P1_2025_431E_Amariutei_Christian_Antonio_AAF_N1_OrCAD/Layout/Layout/allegro/SMBOT.art > ...
================================================================

  FILM PARAMETERS :
  ---------------------------------------------------------
  Undefined line width                4.000
  Mirror code                         NONE
  Rotate angle                        NONE
  Offset x:                           0.000
  Offset y:                           0.000
  Plot negative                       NO
  Suppress unconnected internal pads  NO
  Draw holes only                     NO



  APERTURES USED:
  ---------------------------------------------------------
  TYPE       SIZE/NAME                   ROT   MIRROR MODE 
  ---------------------------------------------------------
  CIRCLE     0.03800                                  DARK 

     SMBOT created.


================================================================
     PROCESSING FILM < SMTOP >
     TO FILE < C:/Users/Christian/Documents/FAC/TEME/AN3/Sem.1/P1/P1_2025_431E_Amariutei_Christian_Antonio_AAF_N1_OrCAD/Layout/Layout/allegro/SMTOP.art > ...
================================================================

  FILM PARAMETERS :
  ---------------------------------------------------------
  Undefined line width                4.000
  Mirror code                         NONE
  Rotate angle                        NONE
  Offset x:                           0.000
  Offset y:                           0.000
  Plot negative                       NO
  Suppress unconnected internal pads  NO
  Draw holes only                     NO



  APERTURES USED:
  ---------------------------------------------------------
  TYPE       SIZE/NAME                   ROT   MIRROR MODE 
  ---------------------------------------------------------
  CIRCLE     0.03800                                  DARK 
  CIRCLE     0.08000                                  DARK 
  SQUARE     0.06000                     0.000 NO     DARK 
  RECTANGLE  0.06000     x 0.04600       0.000 NO     DARK 
  RECTANGLE  0.06000     x 0.04600      90.000 NO     DARK 
  RECTANGLE  0.07000     x 0.09000       0.000 NO     DARK 
  RECTANGLE  0.07000     x 0.09000      90.000 NO     DARK 
  RECTANGLE  0.08600     x 0.05800       0.000 NO     DARK 
  RECTANGLE  0.08600     x 0.05800      90.000 NO     DARK 
  RECTANGLE  0.09000     x 0.13000      90.000 NO     DARK 

     SMTOP created.


================================================================
     PROCESSING FILM < SPTOP >
     TO FILE < C:/Users/Christian/Documents/FAC/TEME/AN3/Sem.1/P1/P1_2025_431E_Amariutei_Christian_Antonio_AAF_N1_OrCAD/Layout/Layout/allegro/SPTOP.art > ...
================================================================

  FILM PARAMETERS :
  ---------------------------------------------------------
  Undefined line width                4.000
  Mirror code                         NONE
  Rotate angle                        NONE
  Offset x:                           0.000
  Offset y:                           0.000
  Plot negative                       NO
  Suppress unconnected internal pads  NO
  Draw holes only                     NO



  APERTURES USED:
  ---------------------------------------------------------
  TYPE       SIZE/NAME                   ROT   MIRROR MODE 
  ---------------------------------------------------------
  CIRCLE     0.04000                                  DARK 
  SQUARE     0.04500                     0.000 NO     DARK 
  RECTANGLE  0.04500     x 0.03300       0.000 NO     DARK 
  RECTANGLE  0.04500     x 0.03300      90.000 NO     DARK 
  RECTANGLE  0.06900     x 0.04400       0.000 NO     DARK 
  RECTANGLE  0.06900     x 0.04400      90.000 NO     DARK 

     SPTOP created.


================================================================
     PROCESSING FILM < SSTOP >
     TO FILE < C:/Users/Christian/Documents/FAC/TEME/AN3/Sem.1/P1/P1_2025_431E_Amariutei_Christian_Antonio_AAF_N1_OrCAD/Layout/Layout/allegro/SSTOP.art > ...
================================================================

  FILM PARAMETERS :
  ---------------------------------------------------------
  Undefined line width                4.000
  Mirror code                         NONE
  Rotate angle                        NONE
  Offset x:                           0.000
  Offset y:                           0.000
  Plot negative                       NO
  Suppress unconnected internal pads  NO
  Draw holes only                     NO



  APERTURES USED:
  ---------------------------------------------------------
  TYPE       SIZE/NAME                   ROT   MIRROR MODE 
  ---------------------------------------------------------
  CIRCLE     0.00200                                  DARK 
  CIRCLE     0.00394                                  DARK 
  CIRCLE     0.00400                                  DARK 
  CIRCLE     0.00600                                  DARK 
  CIRCLE     0.00787                                  DARK 

     SSTOP created.


================================================================
     PROCESSING FILM < FAB >
     TO FILE < C:/Users/Christian/Documents/FAC/TEME/AN3/Sem.1/P1/P1_2025_431E_Amariutei_Christian_Antonio_AAF_N1_OrCAD/Layout/Layout/allegro/FAB.art > ...
================================================================

  FILM PARAMETERS :
  ---------------------------------------------------------
  Undefined line width                4.000
  Mirror code                         NONE
  Rotate angle                        NONE
  Offset x:                           0.000
  Offset y:                           0.000
  Plot negative                       NO
  Suppress unconnected internal pads  NO
  Draw holes only                     NO

    WARNING: text composed 0 width line found at (454.622 -1204.034)
           ... using undefined line width of 4.000

    WARNING: 0 width line found at (5.122 -1266.534)
           ... using undefined line width of 4.000

    WARNING: Multiple 0 width lines; all will be treated the same as the first.
           ... using undefined line width of 4.000

    WARNING: text having Multiple 0 width lines; all will be treated the same as the first.
           ... using undefined line width of 4.000



  APERTURES USED:
  ---------------------------------------------------------
  TYPE       SIZE/NAME                   ROT   MIRROR MODE 
  ---------------------------------------------------------
  CIRCLE     0.00400                                  DARK 
  CIRCLE     0.00787                                  DARK 

     FAB created with warnings


------------------------------------------------------
 SUMMARY:
        TOP created.
        BOTTOM created.
        BO created.
        SMBOT created.
        SMTOP created.
        SPTOP created.
        SSTOP created.
        FAB created with warnings

 ARTWORK had warnings
